
.Def:LM13700_MOD _net8 _net4 _net5 _net6 _net7 _net11 _net1 _net2 _net3 _ref
  .Def:LM13700_NS _ref _net1 _net2 _net3 _net4 _net5 _net6 _net7 _net8 _net11
  CCCS:F5 _cnet10 _ref _net5 gnd G="1"
  Eqn:EqnF5I1 F5.I1="+1*V2*V3" Export="no"
  Eqn:EqnF5Q1 F5.Q1="0" Export="no"
  Eqn:EqnF5I2 F5.I2="0" Export="no"
  Eqn:EqnF5Q2 F5.Q2="0" Export="no"
  CCVS:F5V2 _net33 _cnet8 gnd _cnet9 G="1"
  Eqn:EqnF5I3 F5.I3="0" Export="no"
  Eqn:EqnF5Q3 F5.Q3="0" Export="no"
  CCVS:F5V3 _cnet4 _cnet6 gnd _cnet7 G="1"
  CCCS:F1 _cnet2 _net3 _net4 gnd G="1"
  Eqn:EqnF1I1 F1.I1="+1e-10+0.05129*V2-11890*V2*V2+1.123e+09*V2^3" Export="no"
  Eqn:EqnF1Q1 F1.Q1="0" Export="no"
  Eqn:EqnF1I2 F1.I2="0" Export="no"
  Eqn:EqnF1Q2 F1.Q2="0" Export="no"
  CCVS:F1V2 _net4 _cnet0 gnd _cnet1 G="1"
  C:C1 _net6 _net4 C="4.8p"
  C:C2 _net3 _net6 C="4.8p"
  C:C3 _net5 _net6 C="6.26p"
  Diode:D1 _net4 _net2 Is="5e-16" N="1" M="0.5" Cj0="1e-14" Vj="0.7"
  Diode:D2 _net3 _net2 Is="5e-16" N="1" M="0.5" Cj0="1e-14" Vj="0.7"
  Diode:D3 _net21 _net11 Is="5e-16" N="1" M="0.5" Cj0="1e-14" Vj="0.7"
  Diode:D4 _net22 _net21 Is="5e-16" N="1" M="0.5" Cj0="1e-14" Vj="0.7"
  Diode:D5 _net26 _net1 Is="5e-16" N="1" M="0.5" Cj0="1e-14" Vj="0.7"
  Diode:D6 _net27 _net26 Is="5e-16" N="1" M="0.5" Cj0="1e-14" Vj="0.7"
  Diode:D7 _net29 _net5 Is="5e-16" N="1" M="0.5" Cj0="1e-14" Vj="0.7"
  Diode:D8 _net5 _net28 Is="5e-16" N="1" M="0.5" Cj0="1e-14" Vj="0.7"
  Diode:D10 _net25 _net31 Is="5e-16" N="1" M="0.5" Cj0="1e-14" Vj="0.7"
  Diode:D11 _net25 _net28 Is="5e-16" N="1" M="0.5" Cj0="1e-14" Vj="0.7"
  EDD:F1 _cnet2 gnd _cnet0 gnd I1="F1.I1" Q1="F1.Q1" I2="F1.I2" Q2="F1.Q2"
  CCCS:F2 _net22 _net11 _net5 _cnet3 G="1.022"
  CCCS:F3 _net27 _net25 _net6 _cnet4 G="1"
  CCCS:F4 _net22 _net5 _net6 _cnet5 G="1.022"
  EDD:F5 _cnet10 gnd _cnet6 gnd _cnet8 gnd I1="F5.I1" Q1="F5.Q1" I2="F5.I2" Q2="F5.Q2" I3="F5.I3" Q3="F5.Q3"
  VCCS:G1 _net5 _ref _net33 _ref G="0.00055"
  Idc:I1 _net6 _net11 I="300u"
  BJT:Q1 _net32 _net24 _net31 _ref Type="npn" Is="5e-16" Bf="200" Ne="1.15" Ise="6.3e-17" Ikf="0.01" Nf="1" Nr="1" Ikr="0" Vaf="0" Var="0" Isc="0" Nc="2" Br="1" Rbm="0" Irb="0" Cje="0" Vje="0.75" Mje="0.33" Cjc="0" Vjc="0.75" Mjc="0.33" Xcjc="1" Cjs="0" Vjs="0.75" Mjs="0" Fc="0.5" Vtf="0" Tf="0" Xtf="0" Itf="0" Tr="0"
  BJT:Q2 _net3 _net23 _net31 _ref Type="npn" Is="5.125e-16" Bf="200" Ne="1.15" Ise="6.3e-17" Ikf="0.01" Nf="1" Nr="1" Ikr="0" Vaf="0" Var="0" Isc="0" Nc="2" Br="1" Rbm="0" Irb="0" Cje="0" Vje="0.75" Mje="0.33" Cjc="0" Vjc="0.75" Mjc="0.33" Xcjc="1" Cjs="0" Vjs="0.75" Mjs="0" Fc="0.5" Vtf="0" Tf="0" Xtf="0" Itf="0" Tr="0"
  BJT:Q3 _net7 _net11 _net30 _ref Type="npn" Is="5e-16" Bf="266" Nf="1" Nr="1" Ikf="0" Ikr="0" Vaf="0" Var="0" Ise="0" Ne="1.5" Isc="0" Nc="2" Br="1" Rbm="0" Irb="0" Cje="0" Vje="0.75" Mje="0.33" Cjc="0" Vjc="0.75" Mjc="0.33" Xcjc="1" Cjs="0" Vjs="0.75" Mjs="0" Fc="0.5" Vtf="0" Tf="0" Xtf="0" Itf="0" Tr="0"
  BJT:Q4 _net30 _net11 _net8 _ref Type="npn" Is="6e-15" Bf="50" Nf="1" Nr="1" Ikf="0" Ikr="0" Vaf="0" Var="0" Ise="0" Ne="1.5" Isc="0" Nc="2" Br="1" Rbm="0" Irb="0" Cje="0" Vje="0.75" Mje="0.33" Cjc="0" Vjc="0.75" Mjc="0.33" Xcjc="1" Cjs="0" Vjs="0.75" Mjs="0" Fc="0.5" Vtf="0" Tf="0" Xtf="0" Itf="0" Tr="0"
  Vdc:V1 _cnet5 _net24 U="0V"
  Vdc:V2 _cnet3 _net23 U="0V"
  Vdc:V3 _cnet7 _net6 U="0V"
  Vdc:V4 _net11 _net29 U="1.4"
  Vdc:V5 _net28 _net6 U="1.2"
  Vdc:V6 _cnet1 _net32 U="0V"
  Vdc:V7 _cnet9 _ref U="0V"
  .Def:End
  Sub:X1 _ref _net1 _net2 _net3 _net4 _net5 _net6 _net7 _net8 _net11 Type="LM13700_NS"
.Def:End

